Loaded dependency [python3/3.11.11]: sqlite3/3.49.0
Loaded dependency [python3/3.11.11]: gcc/12.4.0-binutils-2.42
Loaded module: python3/3.11.11

Loading python3/3.11.11
  Loading requirement: sqlite3/3.49.0 gcc/12.4.0-binutils-2.42
Loaded module: cuda/11.6
/zhome/b0/0/202247/DCE/explainers/visualization.py:75: RuntimeWarning: More than 20 figures have been opened. Figures created through the pyplot interface (`matplotlib.pyplot.figure`) are retained until explicitly closed and may consume too much memory. (To control this warning, see the rcParam `figure.max_open_warning`). Consider using `matplotlib.pyplot.close()`.
  fig, axes = plt.subplots(num_rows, num_cols, figsize=(6 * num_cols, 6 * num_rows))
/zhome/b0/0/202247/DCE/explainers/visualization.py:75: RuntimeWarning: More than 20 figures have been opened. Figures created through the pyplot interface (`matplotlib.pyplot.figure`) are retained until explicitly closed and may consume too much memory. (To control this warning, see the rcParam `figure.max_open_warning`). Consider using `matplotlib.pyplot.close()`.
  fig, axes = plt.subplots(num_rows, num_cols, figsize=(6 * num_cols, 6 * num_rows))
/zhome/b0/0/202247/DCE/explainers/visualization.py:75: RuntimeWarning: More than 20 figures have been opened. Figures created through the pyplot interface (`matplotlib.pyplot.figure`) are retained until explicitly closed and may consume too much memory. (To control this warning, see the rcParam `figure.max_open_warning`). Consider using `matplotlib.pyplot.close()`.
  fig, axes = plt.subplots(num_rows, num_cols, figsize=(6 * num_cols, 6 * num_rows))
/zhome/b0/0/202247/DCE/explainers/visualization.py:75: RuntimeWarning: More than 20 figures have been opened. Figures created through the pyplot interface (`matplotlib.pyplot.figure`) are retained until explicitly closed and may consume too much memory. (To control this warning, see the rcParam `figure.max_open_warning`). Consider using `matplotlib.pyplot.close()`.
  fig, axes = plt.subplots(num_rows, num_cols, figsize=(6 * num_cols, 6 * num_rows))
/zhome/b0/0/202247/DCE/explainers/visualization.py:75: RuntimeWarning: More than 20 figures have been opened. Figures created through the pyplot interface (`matplotlib.pyplot.figure`) are retained until explicitly closed and may consume too much memory. (To control this warning, see the rcParam `figure.max_open_warning`). Consider using `matplotlib.pyplot.close()`.
  fig, axes = plt.subplots(num_rows, num_cols, figsize=(6 * num_cols, 6 * num_rows))
/zhome/b0/0/202247/DCE/explainers/visualization.py:75: RuntimeWarning: More than 20 figures have been opened. Figures created through the pyplot interface (`matplotlib.pyplot.figure`) are retained until explicitly closed and may consume too much memory. (To control this warning, see the rcParam `figure.max_open_warning`). Consider using `matplotlib.pyplot.close()`.
  fig, axes = plt.subplots(num_rows, num_cols, figsize=(6 * num_cols, 6 * num_rows))
/zhome/b0/0/202247/DCE/explainers/visualization.py:75: RuntimeWarning: More than 20 figures have been opened. Figures created through the pyplot interface (`matplotlib.pyplot.figure`) are retained until explicitly closed and may consume too much memory. (To control this warning, see the rcParam `figure.max_open_warning`). Consider using `matplotlib.pyplot.close()`.
  fig, axes = plt.subplots(num_rows, num_cols, figsize=(6 * num_cols, 6 * num_rows))
/zhome/b0/0/202247/DCE/explainers/visualization.py:75: RuntimeWarning: More than 20 figures have been opened. Figures created through the pyplot interface (`matplotlib.pyplot.figure`) are retained until explicitly closed and may consume too much memory. (To control this warning, see the rcParam `figure.max_open_warning`). Consider using `matplotlib.pyplot.close()`.
  fig, axes = plt.subplots(num_rows, num_cols, figsize=(6 * num_cols, 6 * num_rows))
/zhome/b0/0/202247/DCE/explainers/visualization.py:75: RuntimeWarning: More than 20 figures have been opened. Figures created through the pyplot interface (`matplotlib.pyplot.figure`) are retained until explicitly closed and may consume too much memory. (To control this warning, see the rcParam `figure.max_open_warning`). Consider using `matplotlib.pyplot.close()`.
  fig, axes = plt.subplots(num_rows, num_cols, figsize=(6 * num_cols, 6 * num_rows))
/zhome/b0/0/202247/DCE/explainers/visualization.py:75: RuntimeWarning: More than 20 figures have been opened. Figures created through the pyplot interface (`matplotlib.pyplot.figure`) are retained until explicitly closed and may consume too much memory. (To control this warning, see the rcParam `figure.max_open_warning`). Consider using `matplotlib.pyplot.close()`.
  fig, axes = plt.subplots(num_rows, num_cols, figsize=(6 * num_cols, 6 * num_rows))
/zhome/b0/0/202247/DCE/explainers/visualization.py:75: RuntimeWarning: More than 20 figures have been opened. Figures created through the pyplot interface (`matplotlib.pyplot.figure`) are retained until explicitly closed and may consume too much memory. (To control this warning, see the rcParam `figure.max_open_warning`). Consider using `matplotlib.pyplot.close()`.
  fig, axes = plt.subplots(num_rows, num_cols, figsize=(6 * num_cols, 6 * num_rows))
/zhome/b0/0/202247/DCE/explainers/visualization.py:75: RuntimeWarning: More than 20 figures have been opened. Figures created through the pyplot interface (`matplotlib.pyplot.figure`) are retained until explicitly closed and may consume too much memory. (To control this warning, see the rcParam `figure.max_open_warning`). Consider using `matplotlib.pyplot.close()`.
  fig, axes = plt.subplots(num_rows, num_cols, figsize=(6 * num_cols, 6 * num_rows))
/zhome/b0/0/202247/DCE/explainers/visualization.py:75: RuntimeWarning: More than 20 figures have been opened. Figures created through the pyplot interface (`matplotlib.pyplot.figure`) are retained until explicitly closed and may consume too much memory. (To control this warning, see the rcParam `figure.max_open_warning`). Consider using `matplotlib.pyplot.close()`.
  fig, axes = plt.subplots(num_rows, num_cols, figsize=(6 * num_cols, 6 * num_rows))
/zhome/b0/0/202247/DCE/explainers/visualization.py:75: RuntimeWarning: More than 20 figures have been opened. Figures created through the pyplot interface (`matplotlib.pyplot.figure`) are retained until explicitly closed and may consume too much memory. (To control this warning, see the rcParam `figure.max_open_warning`). Consider using `matplotlib.pyplot.close()`.
  fig, axes = plt.subplots(num_rows, num_cols, figsize=(6 * num_cols, 6 * num_rows))
/zhome/b0/0/202247/DCE/explainers/visualization.py:75: RuntimeWarning: More than 20 figures have been opened. Figures created through the pyplot interface (`matplotlib.pyplot.figure`) are retained until explicitly closed and may consume too much memory. (To control this warning, see the rcParam `figure.max_open_warning`). Consider using `matplotlib.pyplot.close()`.
  fig, axes = plt.subplots(num_rows, num_cols, figsize=(6 * num_cols, 6 * num_rows))
/zhome/b0/0/202247/DCE/explainers/visualization.py:75: RuntimeWarning: More than 20 figures have been opened. Figures created through the pyplot interface (`matplotlib.pyplot.figure`) are retained until explicitly closed and may consume too much memory. (To control this warning, see the rcParam `figure.max_open_warning`). Consider using `matplotlib.pyplot.close()`.
  fig, axes = plt.subplots(num_rows, num_cols, figsize=(6 * num_cols, 6 * num_rows))
/zhome/b0/0/202247/DCE/explainers/visualization.py:75: RuntimeWarning: More than 20 figures have been opened. Figures created through the pyplot interface (`matplotlib.pyplot.figure`) are retained until explicitly closed and may consume too much memory. (To control this warning, see the rcParam `figure.max_open_warning`). Consider using `matplotlib.pyplot.close()`.
  fig, axes = plt.subplots(num_rows, num_cols, figsize=(6 * num_cols, 6 * num_rows))
/zhome/b0/0/202247/DCE/explainers/visualization.py:75: RuntimeWarning: More than 20 figures have been opened. Figures created through the pyplot interface (`matplotlib.pyplot.figure`) are retained until explicitly closed and may consume too much memory. (To control this warning, see the rcParam `figure.max_open_warning`). Consider using `matplotlib.pyplot.close()`.
  fig, axes = plt.subplots(num_rows, num_cols, figsize=(6 * num_cols, 6 * num_rows))
/zhome/b0/0/202247/DCE/explainers/visualization.py:75: RuntimeWarning: More than 20 figures have been opened. Figures created through the pyplot interface (`matplotlib.pyplot.figure`) are retained until explicitly closed and may consume too much memory. (To control this warning, see the rcParam `figure.max_open_warning`). Consider using `matplotlib.pyplot.close()`.
  fig, axes = plt.subplots(num_rows, num_cols, figsize=(6 * num_cols, 6 * num_rows))
/zhome/b0/0/202247/DCE/explainers/visualization.py:75: RuntimeWarning: More than 20 figures have been opened. Figures created through the pyplot interface (`matplotlib.pyplot.figure`) are retained until explicitly closed and may consume too much memory. (To control this warning, see the rcParam `figure.max_open_warning`). Consider using `matplotlib.pyplot.close()`.
  fig, axes = plt.subplots(num_rows, num_cols, figsize=(6 * num_cols, 6 * num_rows))
/zhome/b0/0/202247/DCE/explainers/visualization.py:75: RuntimeWarning: More than 20 figures have been opened. Figures created through the pyplot interface (`matplotlib.pyplot.figure`) are retained until explicitly closed and may consume too much memory. (To control this warning, see the rcParam `figure.max_open_warning`). Consider using `matplotlib.pyplot.close()`.
  fig, axes = plt.subplots(num_rows, num_cols, figsize=(6 * num_cols, 6 * num_rows))
/zhome/b0/0/202247/DCE/explainers/visualization.py:75: RuntimeWarning: More than 20 figures have been opened. Figures created through the pyplot interface (`matplotlib.pyplot.figure`) are retained until explicitly closed and may consume too much memory. (To control this warning, see the rcParam `figure.max_open_warning`). Consider using `matplotlib.pyplot.close()`.
  fig, axes = plt.subplots(num_rows, num_cols, figsize=(6 * num_cols, 6 * num_rows))
/zhome/b0/0/202247/DCE/explainers/visualization.py:75: RuntimeWarning: More than 20 figures have been opened. Figures created through the pyplot interface (`matplotlib.pyplot.figure`) are retained until explicitly closed and may consume too much memory. (To control this warning, see the rcParam `figure.max_open_warning`). Consider using `matplotlib.pyplot.close()`.
  fig, axes = plt.subplots(num_rows, num_cols, figsize=(6 * num_cols, 6 * num_rows))
/zhome/b0/0/202247/DCE/explainers/visualization.py:75: RuntimeWarning: More than 20 figures have been opened. Figures created through the pyplot interface (`matplotlib.pyplot.figure`) are retained until explicitly closed and may consume too much memory. (To control this warning, see the rcParam `figure.max_open_warning`). Consider using `matplotlib.pyplot.close()`.
  fig, axes = plt.subplots(num_rows, num_cols, figsize=(6 * num_cols, 6 * num_rows))
/zhome/b0/0/202247/DCE/explainers/visualization.py:75: RuntimeWarning: More than 20 figures have been opened. Figures created through the pyplot interface (`matplotlib.pyplot.figure`) are retained until explicitly closed and may consume too much memory. (To control this warning, see the rcParam `figure.max_open_warning`). Consider using `matplotlib.pyplot.close()`.
  fig, axes = plt.subplots(num_rows, num_cols, figsize=(6 * num_cols, 6 * num_rows))
/zhome/b0/0/202247/DCE/explainers/visualization.py:75: RuntimeWarning: More than 20 figures have been opened. Figures created through the pyplot interface (`matplotlib.pyplot.figure`) are retained until explicitly closed and may consume too much memory. (To control this warning, see the rcParam `figure.max_open_warning`). Consider using `matplotlib.pyplot.close()`.
  fig, axes = plt.subplots(num_rows, num_cols, figsize=(6 * num_cols, 6 * num_rows))
/zhome/b0/0/202247/DCE/explainers/visualization.py:75: RuntimeWarning: More than 20 figures have been opened. Figures created through the pyplot interface (`matplotlib.pyplot.figure`) are retained until explicitly closed and may consume too much memory. (To control this warning, see the rcParam `figure.max_open_warning`). Consider using `matplotlib.pyplot.close()`.
  fig, axes = plt.subplots(num_rows, num_cols, figsize=(6 * num_cols, 6 * num_rows))
/zhome/b0/0/202247/DCE/explainers/visualization.py:75: RuntimeWarning: More than 20 figures have been opened. Figures created through the pyplot interface (`matplotlib.pyplot.figure`) are retained until explicitly closed and may consume too much memory. (To control this warning, see the rcParam `figure.max_open_warning`). Consider using `matplotlib.pyplot.close()`.
  fig, axes = plt.subplots(num_rows, num_cols, figsize=(6 * num_cols, 6 * num_rows))
/zhome/b0/0/202247/DCE/explainers/visualization.py:75: RuntimeWarning: More than 20 figures have been opened. Figures created through the pyplot interface (`matplotlib.pyplot.figure`) are retained until explicitly closed and may consume too much memory. (To control this warning, see the rcParam `figure.max_open_warning`). Consider using `matplotlib.pyplot.close()`.
  fig, axes = plt.subplots(num_rows, num_cols, figsize=(6 * num_cols, 6 * num_rows))
/zhome/b0/0/202247/DCE/explainers/visualization.py:75: RuntimeWarning: More than 20 figures have been opened. Figures created through the pyplot interface (`matplotlib.pyplot.figure`) are retained until explicitly closed and may consume too much memory. (To control this warning, see the rcParam `figure.max_open_warning`). Consider using `matplotlib.pyplot.close()`.
  fig, axes = plt.subplots(num_rows, num_cols, figsize=(6 * num_cols, 6 * num_rows))
/zhome/b0/0/202247/DCE/explainers/visualization.py:75: RuntimeWarning: More than 20 figures have been opened. Figures created through the pyplot interface (`matplotlib.pyplot.figure`) are retained until explicitly closed and may consume too much memory. (To control this warning, see the rcParam `figure.max_open_warning`). Consider using `matplotlib.pyplot.close()`.
  fig, axes = plt.subplots(num_rows, num_cols, figsize=(6 * num_cols, 6 * num_rows))
/zhome/b0/0/202247/DCE/explainers/visualization.py:75: RuntimeWarning: More than 20 figures have been opened. Figures created through the pyplot interface (`matplotlib.pyplot.figure`) are retained until explicitly closed and may consume too much memory. (To control this warning, see the rcParam `figure.max_open_warning`). Consider using `matplotlib.pyplot.close()`.
  fig, axes = plt.subplots(num_rows, num_cols, figsize=(6 * num_cols, 6 * num_rows))
/zhome/b0/0/202247/DCE/explainers/visualization.py:75: RuntimeWarning: More than 20 figures have been opened. Figures created through the pyplot interface (`matplotlib.pyplot.figure`) are retained until explicitly closed and may consume too much memory. (To control this warning, see the rcParam `figure.max_open_warning`). Consider using `matplotlib.pyplot.close()`.
  fig, axes = plt.subplots(num_rows, num_cols, figsize=(6 * num_cols, 6 * num_rows))
/zhome/b0/0/202247/DCE/explainers/visualization.py:75: RuntimeWarning: More than 20 figures have been opened. Figures created through the pyplot interface (`matplotlib.pyplot.figure`) are retained until explicitly closed and may consume too much memory. (To control this warning, see the rcParam `figure.max_open_warning`). Consider using `matplotlib.pyplot.close()`.
  fig, axes = plt.subplots(num_rows, num_cols, figsize=(6 * num_cols, 6 * num_rows))
/zhome/b0/0/202247/DCE/explainers/visualization.py:75: RuntimeWarning: More than 20 figures have been opened. Figures created through the pyplot interface (`matplotlib.pyplot.figure`) are retained until explicitly closed and may consume too much memory. (To control this warning, see the rcParam `figure.max_open_warning`). Consider using `matplotlib.pyplot.close()`.
  fig, axes = plt.subplots(num_rows, num_cols, figsize=(6 * num_cols, 6 * num_rows))
/zhome/b0/0/202247/DCE/explainers/visualization.py:75: RuntimeWarning: More than 20 figures have been opened. Figures created through the pyplot interface (`matplotlib.pyplot.figure`) are retained until explicitly closed and may consume too much memory. (To control this warning, see the rcParam `figure.max_open_warning`). Consider using `matplotlib.pyplot.close()`.
  fig, axes = plt.subplots(num_rows, num_cols, figsize=(6 * num_cols, 6 * num_rows))
/zhome/b0/0/202247/DCE/explainers/visualization.py:75: RuntimeWarning: More than 20 figures have been opened. Figures created through the pyplot interface (`matplotlib.pyplot.figure`) are retained until explicitly closed and may consume too much memory. (To control this warning, see the rcParam `figure.max_open_warning`). Consider using `matplotlib.pyplot.close()`.
  fig, axes = plt.subplots(num_rows, num_cols, figsize=(6 * num_cols, 6 * num_rows))
/zhome/b0/0/202247/DCE/explainers/visualization.py:75: RuntimeWarning: More than 20 figures have been opened. Figures created through the pyplot interface (`matplotlib.pyplot.figure`) are retained until explicitly closed and may consume too much memory. (To control this warning, see the rcParam `figure.max_open_warning`). Consider using `matplotlib.pyplot.close()`.
  fig, axes = plt.subplots(num_rows, num_cols, figsize=(6 * num_cols, 6 * num_rows))
/zhome/b0/0/202247/DCE/explainers/visualization.py:75: RuntimeWarning: More than 20 figures have been opened. Figures created through the pyplot interface (`matplotlib.pyplot.figure`) are retained until explicitly closed and may consume too much memory. (To control this warning, see the rcParam `figure.max_open_warning`). Consider using `matplotlib.pyplot.close()`.
  fig, axes = plt.subplots(num_rows, num_cols, figsize=(6 * num_cols, 6 * num_rows))
/zhome/b0/0/202247/DCE/explainers/visualization.py:75: RuntimeWarning: More than 20 figures have been opened. Figures created through the pyplot interface (`matplotlib.pyplot.figure`) are retained until explicitly closed and may consume too much memory. (To control this warning, see the rcParam `figure.max_open_warning`). Consider using `matplotlib.pyplot.close()`.
  fig, axes = plt.subplots(num_rows, num_cols, figsize=(6 * num_cols, 6 * num_rows))
/zhome/b0/0/202247/DCE/explainers/visualization.py:75: RuntimeWarning: More than 20 figures have been opened. Figures created through the pyplot interface (`matplotlib.pyplot.figure`) are retained until explicitly closed and may consume too much memory. (To control this warning, see the rcParam `figure.max_open_warning`). Consider using `matplotlib.pyplot.close()`.
  fig, axes = plt.subplots(num_rows, num_cols, figsize=(6 * num_cols, 6 * num_rows))
/zhome/b0/0/202247/DCE/explainers/visualization.py:75: RuntimeWarning: More than 20 figures have been opened. Figures created through the pyplot interface (`matplotlib.pyplot.figure`) are retained until explicitly closed and may consume too much memory. (To control this warning, see the rcParam `figure.max_open_warning`). Consider using `matplotlib.pyplot.close()`.
  fig, axes = plt.subplots(num_rows, num_cols, figsize=(6 * num_cols, 6 * num_rows))
/zhome/b0/0/202247/DCE/explainers/visualization.py:75: RuntimeWarning: More than 20 figures have been opened. Figures created through the pyplot interface (`matplotlib.pyplot.figure`) are retained until explicitly closed and may consume too much memory. (To control this warning, see the rcParam `figure.max_open_warning`). Consider using `matplotlib.pyplot.close()`.
  fig, axes = plt.subplots(num_rows, num_cols, figsize=(6 * num_cols, 6 * num_rows))
/zhome/b0/0/202247/DCE/explainers/visualization.py:75: RuntimeWarning: More than 20 figures have been opened. Figures created through the pyplot interface (`matplotlib.pyplot.figure`) are retained until explicitly closed and may consume too much memory. (To control this warning, see the rcParam `figure.max_open_warning`). Consider using `matplotlib.pyplot.close()`.
  fig, axes = plt.subplots(num_rows, num_cols, figsize=(6 * num_cols, 6 * num_rows))
/zhome/b0/0/202247/DCE/explainers/visualization.py:75: RuntimeWarning: More than 20 figures have been opened. Figures created through the pyplot interface (`matplotlib.pyplot.figure`) are retained until explicitly closed and may consume too much memory. (To control this warning, see the rcParam `figure.max_open_warning`). Consider using `matplotlib.pyplot.close()`.
  fig, axes = plt.subplots(num_rows, num_cols, figsize=(6 * num_cols, 6 * num_rows))
/zhome/b0/0/202247/DCE/explainers/visualization.py:75: RuntimeWarning: More than 20 figures have been opened. Figures created through the pyplot interface (`matplotlib.pyplot.figure`) are retained until explicitly closed and may consume too much memory. (To control this warning, see the rcParam `figure.max_open_warning`). Consider using `matplotlib.pyplot.close()`.
  fig, axes = plt.subplots(num_rows, num_cols, figsize=(6 * num_cols, 6 * num_rows))
/zhome/b0/0/202247/DCE/explainers/visualization.py:75: RuntimeWarning: More than 20 figures have been opened. Figures created through the pyplot interface (`matplotlib.pyplot.figure`) are retained until explicitly closed and may consume too much memory. (To control this warning, see the rcParam `figure.max_open_warning`). Consider using `matplotlib.pyplot.close()`.
  fig, axes = plt.subplots(num_rows, num_cols, figsize=(6 * num_cols, 6 * num_rows))
/zhome/b0/0/202247/DCE/explainers/visualization.py:75: RuntimeWarning: More than 20 figures have been opened. Figures created through the pyplot interface (`matplotlib.pyplot.figure`) are retained until explicitly closed and may consume too much memory. (To control this warning, see the rcParam `figure.max_open_warning`). Consider using `matplotlib.pyplot.close()`.
  fig, axes = plt.subplots(num_rows, num_cols, figsize=(6 * num_cols, 6 * num_rows))
/zhome/b0/0/202247/DCE/explainers/visualization.py:75: RuntimeWarning: More than 20 figures have been opened. Figures created through the pyplot interface (`matplotlib.pyplot.figure`) are retained until explicitly closed and may consume too much memory. (To control this warning, see the rcParam `figure.max_open_warning`). Consider using `matplotlib.pyplot.close()`.
  fig, axes = plt.subplots(num_rows, num_cols, figsize=(6 * num_cols, 6 * num_rows))
/zhome/b0/0/202247/DCE/explainers/visualization.py:75: RuntimeWarning: More than 20 figures have been opened. Figures created through the pyplot interface (`matplotlib.pyplot.figure`) are retained until explicitly closed and may consume too much memory. (To control this warning, see the rcParam `figure.max_open_warning`). Consider using `matplotlib.pyplot.close()`.
  fig, axes = plt.subplots(num_rows, num_cols, figsize=(6 * num_cols, 6 * num_rows))
/zhome/b0/0/202247/DCE/explainers/visualization.py:75: RuntimeWarning: More than 20 figures have been opened. Figures created through the pyplot interface (`matplotlib.pyplot.figure`) are retained until explicitly closed and may consume too much memory. (To control this warning, see the rcParam `figure.max_open_warning`). Consider using `matplotlib.pyplot.close()`.
  fig, axes = plt.subplots(num_rows, num_cols, figsize=(6 * num_cols, 6 * num_rows))
/zhome/b0/0/202247/DCE/explainers/visualization.py:75: RuntimeWarning: More than 20 figures have been opened. Figures created through the pyplot interface (`matplotlib.pyplot.figure`) are retained until explicitly closed and may consume too much memory. (To control this warning, see the rcParam `figure.max_open_warning`). Consider using `matplotlib.pyplot.close()`.
  fig, axes = plt.subplots(num_rows, num_cols, figsize=(6 * num_cols, 6 * num_rows))
/zhome/b0/0/202247/DCE/explainers/visualization.py:75: RuntimeWarning: More than 20 figures have been opened. Figures created through the pyplot interface (`matplotlib.pyplot.figure`) are retained until explicitly closed and may consume too much memory. (To control this warning, see the rcParam `figure.max_open_warning`). Consider using `matplotlib.pyplot.close()`.
  fig, axes = plt.subplots(num_rows, num_cols, figsize=(6 * num_cols, 6 * num_rows))
/zhome/b0/0/202247/DCE/explainers/visualization.py:75: RuntimeWarning: More than 20 figures have been opened. Figures created through the pyplot interface (`matplotlib.pyplot.figure`) are retained until explicitly closed and may consume too much memory. (To control this warning, see the rcParam `figure.max_open_warning`). Consider using `matplotlib.pyplot.close()`.
  fig, axes = plt.subplots(num_rows, num_cols, figsize=(6 * num_cols, 6 * num_rows))
/zhome/b0/0/202247/DCE/explainers/visualization.py:75: RuntimeWarning: More than 20 figures have been opened. Figures created through the pyplot interface (`matplotlib.pyplot.figure`) are retained until explicitly closed and may consume too much memory. (To control this warning, see the rcParam `figure.max_open_warning`). Consider using `matplotlib.pyplot.close()`.
  fig, axes = plt.subplots(num_rows, num_cols, figsize=(6 * num_cols, 6 * num_rows))
/zhome/b0/0/202247/DCE/explainers/visualization.py:75: RuntimeWarning: More than 20 figures have been opened. Figures created through the pyplot interface (`matplotlib.pyplot.figure`) are retained until explicitly closed and may consume too much memory. (To control this warning, see the rcParam `figure.max_open_warning`). Consider using `matplotlib.pyplot.close()`.
  fig, axes = plt.subplots(num_rows, num_cols, figsize=(6 * num_cols, 6 * num_rows))
/zhome/b0/0/202247/DCE/explainers/visualization.py:75: RuntimeWarning: More than 20 figures have been opened. Figures created through the pyplot interface (`matplotlib.pyplot.figure`) are retained until explicitly closed and may consume too much memory. (To control this warning, see the rcParam `figure.max_open_warning`). Consider using `matplotlib.pyplot.close()`.
  fig, axes = plt.subplots(num_rows, num_cols, figsize=(6 * num_cols, 6 * num_rows))
/zhome/b0/0/202247/DCE/explainers/visualization.py:75: RuntimeWarning: More than 20 figures have been opened. Figures created through the pyplot interface (`matplotlib.pyplot.figure`) are retained until explicitly closed and may consume too much memory. (To control this warning, see the rcParam `figure.max_open_warning`). Consider using `matplotlib.pyplot.close()`.
  fig, axes = plt.subplots(num_rows, num_cols, figsize=(6 * num_cols, 6 * num_rows))
/zhome/b0/0/202247/DCE/explainers/visualization.py:75: RuntimeWarning: More than 20 figures have been opened. Figures created through the pyplot interface (`matplotlib.pyplot.figure`) are retained until explicitly closed and may consume too much memory. (To control this warning, see the rcParam `figure.max_open_warning`). Consider using `matplotlib.pyplot.close()`.
  fig, axes = plt.subplots(num_rows, num_cols, figsize=(6 * num_cols, 6 * num_rows))
/zhome/b0/0/202247/DCE/explainers/visualization.py:75: RuntimeWarning: More than 20 figures have been opened. Figures created through the pyplot interface (`matplotlib.pyplot.figure`) are retained until explicitly closed and may consume too much memory. (To control this warning, see the rcParam `figure.max_open_warning`). Consider using `matplotlib.pyplot.close()`.
  fig, axes = plt.subplots(num_rows, num_cols, figsize=(6 * num_cols, 6 * num_rows))
/zhome/b0/0/202247/DCE/explainers/visualization.py:75: RuntimeWarning: More than 20 figures have been opened. Figures created through the pyplot interface (`matplotlib.pyplot.figure`) are retained until explicitly closed and may consume too much memory. (To control this warning, see the rcParam `figure.max_open_warning`). Consider using `matplotlib.pyplot.close()`.
  fig, axes = plt.subplots(num_rows, num_cols, figsize=(6 * num_cols, 6 * num_rows))
/zhome/b0/0/202247/DCE/explainers/visualization.py:75: RuntimeWarning: More than 20 figures have been opened. Figures created through the pyplot interface (`matplotlib.pyplot.figure`) are retained until explicitly closed and may consume too much memory. (To control this warning, see the rcParam `figure.max_open_warning`). Consider using `matplotlib.pyplot.close()`.
  fig, axes = plt.subplots(num_rows, num_cols, figsize=(6 * num_cols, 6 * num_rows))
/zhome/b0/0/202247/DCE/explainers/visualization.py:75: RuntimeWarning: More than 20 figures have been opened. Figures created through the pyplot interface (`matplotlib.pyplot.figure`) are retained until explicitly closed and may consume too much memory. (To control this warning, see the rcParam `figure.max_open_warning`). Consider using `matplotlib.pyplot.close()`.
  fig, axes = plt.subplots(num_rows, num_cols, figsize=(6 * num_cols, 6 * num_rows))
/zhome/b0/0/202247/DCE/explainers/visualization.py:75: RuntimeWarning: More than 20 figures have been opened. Figures created through the pyplot interface (`matplotlib.pyplot.figure`) are retained until explicitly closed and may consume too much memory. (To control this warning, see the rcParam `figure.max_open_warning`). Consider using `matplotlib.pyplot.close()`.
  fig, axes = plt.subplots(num_rows, num_cols, figsize=(6 * num_cols, 6 * num_rows))
/zhome/b0/0/202247/DCE/explainers/visualization.py:75: RuntimeWarning: More than 20 figures have been opened. Figures created through the pyplot interface (`matplotlib.pyplot.figure`) are retained until explicitly closed and may consume too much memory. (To control this warning, see the rcParam `figure.max_open_warning`). Consider using `matplotlib.pyplot.close()`.
  fig, axes = plt.subplots(num_rows, num_cols, figsize=(6 * num_cols, 6 * num_rows))
/zhome/b0/0/202247/DCE/explainers/visualization.py:75: RuntimeWarning: More than 20 figures have been opened. Figures created through the pyplot interface (`matplotlib.pyplot.figure`) are retained until explicitly closed and may consume too much memory. (To control this warning, see the rcParam `figure.max_open_warning`). Consider using `matplotlib.pyplot.close()`.
  fig, axes = plt.subplots(num_rows, num_cols, figsize=(6 * num_cols, 6 * num_rows))
/zhome/b0/0/202247/DCE/explainers/visualization.py:75: RuntimeWarning: More than 20 figures have been opened. Figures created through the pyplot interface (`matplotlib.pyplot.figure`) are retained until explicitly closed and may consume too much memory. (To control this warning, see the rcParam `figure.max_open_warning`). Consider using `matplotlib.pyplot.close()`.
  fig, axes = plt.subplots(num_rows, num_cols, figsize=(6 * num_cols, 6 * num_rows))
/zhome/b0/0/202247/DCE/explainers/visualization.py:75: RuntimeWarning: More than 20 figures have been opened. Figures created through the pyplot interface (`matplotlib.pyplot.figure`) are retained until explicitly closed and may consume too much memory. (To control this warning, see the rcParam `figure.max_open_warning`). Consider using `matplotlib.pyplot.close()`.
  fig, axes = plt.subplots(num_rows, num_cols, figsize=(6 * num_cols, 6 * num_rows))
/zhome/b0/0/202247/DCE/explainers/visualization.py:75: RuntimeWarning: More than 20 figures have been opened. Figures created through the pyplot interface (`matplotlib.pyplot.figure`) are retained until explicitly closed and may consume too much memory. (To control this warning, see the rcParam `figure.max_open_warning`). Consider using `matplotlib.pyplot.close()`.
  fig, axes = plt.subplots(num_rows, num_cols, figsize=(6 * num_cols, 6 * num_rows))
/zhome/b0/0/202247/DCE/explainers/visualization.py:75: RuntimeWarning: More than 20 figures have been opened. Figures created through the pyplot interface (`matplotlib.pyplot.figure`) are retained until explicitly closed and may consume too much memory. (To control this warning, see the rcParam `figure.max_open_warning`). Consider using `matplotlib.pyplot.close()`.
  fig, axes = plt.subplots(num_rows, num_cols, figsize=(6 * num_cols, 6 * num_rows))
/zhome/b0/0/202247/DCE/explainers/visualization.py:75: RuntimeWarning: More than 20 figures have been opened. Figures created through the pyplot interface (`matplotlib.pyplot.figure`) are retained until explicitly closed and may consume too much memory. (To control this warning, see the rcParam `figure.max_open_warning`). Consider using `matplotlib.pyplot.close()`.
  fig, axes = plt.subplots(num_rows, num_cols, figsize=(6 * num_cols, 6 * num_rows))
/zhome/b0/0/202247/DCE/explainers/visualization.py:75: RuntimeWarning: More than 20 figures have been opened. Figures created through the pyplot interface (`matplotlib.pyplot.figure`) are retained until explicitly closed and may consume too much memory. (To control this warning, see the rcParam `figure.max_open_warning`). Consider using `matplotlib.pyplot.close()`.
  fig, axes = plt.subplots(num_rows, num_cols, figsize=(6 * num_cols, 6 * num_rows))
/zhome/b0/0/202247/DCE/explainers/visualization.py:75: RuntimeWarning: More than 20 figures have been opened. Figures created through the pyplot interface (`matplotlib.pyplot.figure`) are retained until explicitly closed and may consume too much memory. (To control this warning, see the rcParam `figure.max_open_warning`). Consider using `matplotlib.pyplot.close()`.
  fig, axes = plt.subplots(num_rows, num_cols, figsize=(6 * num_cols, 6 * num_rows))
/zhome/b0/0/202247/DCE/explainers/visualization.py:75: RuntimeWarning: More than 20 figures have been opened. Figures created through the pyplot interface (`matplotlib.pyplot.figure`) are retained until explicitly closed and may consume too much memory. (To control this warning, see the rcParam `figure.max_open_warning`). Consider using `matplotlib.pyplot.close()`.
  fig, axes = plt.subplots(num_rows, num_cols, figsize=(6 * num_cols, 6 * num_rows))
/zhome/b0/0/202247/DCE/explainers/visualization.py:75: RuntimeWarning: More than 20 figures have been opened. Figures created through the pyplot interface (`matplotlib.pyplot.figure`) are retained until explicitly closed and may consume too much memory. (To control this warning, see the rcParam `figure.max_open_warning`). Consider using `matplotlib.pyplot.close()`.
  fig, axes = plt.subplots(num_rows, num_cols, figsize=(6 * num_cols, 6 * num_rows))
/zhome/b0/0/202247/DCE/explainers/visualization.py:75: RuntimeWarning: More than 20 figures have been opened. Figures created through the pyplot interface (`matplotlib.pyplot.figure`) are retained until explicitly closed and may consume too much memory. (To control this warning, see the rcParam `figure.max_open_warning`). Consider using `matplotlib.pyplot.close()`.
  fig, axes = plt.subplots(num_rows, num_cols, figsize=(6 * num_cols, 6 * num_rows))
/zhome/b0/0/202247/DCE/explainers/visualization.py:75: RuntimeWarning: More than 20 figures have been opened. Figures created through the pyplot interface (`matplotlib.pyplot.figure`) are retained until explicitly closed and may consume too much memory. (To control this warning, see the rcParam `figure.max_open_warning`). Consider using `matplotlib.pyplot.close()`.
  fig, axes = plt.subplots(num_rows, num_cols, figsize=(6 * num_cols, 6 * num_rows))
/zhome/b0/0/202247/DCE/explainers/visualization.py:75: RuntimeWarning: More than 20 figures have been opened. Figures created through the pyplot interface (`matplotlib.pyplot.figure`) are retained until explicitly closed and may consume too much memory. (To control this warning, see the rcParam `figure.max_open_warning`). Consider using `matplotlib.pyplot.close()`.
  fig, axes = plt.subplots(num_rows, num_cols, figsize=(6 * num_cols, 6 * num_rows))
/zhome/b0/0/202247/DCE/explainers/visualization.py:75: RuntimeWarning: More than 20 figures have been opened. Figures created through the pyplot interface (`matplotlib.pyplot.figure`) are retained until explicitly closed and may consume too much memory. (To control this warning, see the rcParam `figure.max_open_warning`). Consider using `matplotlib.pyplot.close()`.
  fig, axes = plt.subplots(num_rows, num_cols, figsize=(6 * num_cols, 6 * num_rows))
/zhome/b0/0/202247/DCE/explainers/visualization.py:75: RuntimeWarning: More than 20 figures have been opened. Figures created through the pyplot interface (`matplotlib.pyplot.figure`) are retained until explicitly closed and may consume too much memory. (To control this warning, see the rcParam `figure.max_open_warning`). Consider using `matplotlib.pyplot.close()`.
  fig, axes = plt.subplots(num_rows, num_cols, figsize=(6 * num_cols, 6 * num_rows))
/zhome/b0/0/202247/DCE/explainers/visualization.py:75: RuntimeWarning: More than 20 figures have been opened. Figures created through the pyplot interface (`matplotlib.pyplot.figure`) are retained until explicitly closed and may consume too much memory. (To control this warning, see the rcParam `figure.max_open_warning`). Consider using `matplotlib.pyplot.close()`.
  fig, axes = plt.subplots(num_rows, num_cols, figsize=(6 * num_cols, 6 * num_rows))
/zhome/b0/0/202247/DCE/explainers/visualization.py:75: RuntimeWarning: More than 20 figures have been opened. Figures created through the pyplot interface (`matplotlib.pyplot.figure`) are retained until explicitly closed and may consume too much memory. (To control this warning, see the rcParam `figure.max_open_warning`). Consider using `matplotlib.pyplot.close()`.
  fig, axes = plt.subplots(num_rows, num_cols, figsize=(6 * num_cols, 6 * num_rows))
/zhome/b0/0/202247/DCE/explainers/visualization.py:75: RuntimeWarning: More than 20 figures have been opened. Figures created through the pyplot interface (`matplotlib.pyplot.figure`) are retained until explicitly closed and may consume too much memory. (To control this warning, see the rcParam `figure.max_open_warning`). Consider using `matplotlib.pyplot.close()`.
  fig, axes = plt.subplots(num_rows, num_cols, figsize=(6 * num_cols, 6 * num_rows))
/zhome/b0/0/202247/DCE/explainers/visualization.py:75: RuntimeWarning: More than 20 figures have been opened. Figures created through the pyplot interface (`matplotlib.pyplot.figure`) are retained until explicitly closed and may consume too much memory. (To control this warning, see the rcParam `figure.max_open_warning`). Consider using `matplotlib.pyplot.close()`.
  fig, axes = plt.subplots(num_rows, num_cols, figsize=(6 * num_cols, 6 * num_rows))
/zhome/b0/0/202247/DCE/explainers/visualization.py:75: RuntimeWarning: More than 20 figures have been opened. Figures created through the pyplot interface (`matplotlib.pyplot.figure`) are retained until explicitly closed and may consume too much memory. (To control this warning, see the rcParam `figure.max_open_warning`). Consider using `matplotlib.pyplot.close()`.
  fig, axes = plt.subplots(num_rows, num_cols, figsize=(6 * num_cols, 6 * num_rows))
/zhome/b0/0/202247/DCE/explainers/visualization.py:75: RuntimeWarning: More than 20 figures have been opened. Figures created through the pyplot interface (`matplotlib.pyplot.figure`) are retained until explicitly closed and may consume too much memory. (To control this warning, see the rcParam `figure.max_open_warning`). Consider using `matplotlib.pyplot.close()`.
  fig, axes = plt.subplots(num_rows, num_cols, figsize=(6 * num_cols, 6 * num_rows))
/zhome/b0/0/202247/DCE/explainers/visualization.py:75: RuntimeWarning: More than 20 figures have been opened. Figures created through the pyplot interface (`matplotlib.pyplot.figure`) are retained until explicitly closed and may consume too much memory. (To control this warning, see the rcParam `figure.max_open_warning`). Consider using `matplotlib.pyplot.close()`.
  fig, axes = plt.subplots(num_rows, num_cols, figsize=(6 * num_cols, 6 * num_rows))
/zhome/b0/0/202247/DCE/explainers/visualization.py:75: RuntimeWarning: More than 20 figures have been opened. Figures created through the pyplot interface (`matplotlib.pyplot.figure`) are retained until explicitly closed and may consume too much memory. (To control this warning, see the rcParam `figure.max_open_warning`). Consider using `matplotlib.pyplot.close()`.
  fig, axes = plt.subplots(num_rows, num_cols, figsize=(6 * num_cols, 6 * num_rows))
/zhome/b0/0/202247/DCE/explainers/visualization.py:75: RuntimeWarning: More than 20 figures have been opened. Figures created through the pyplot interface (`matplotlib.pyplot.figure`) are retained until explicitly closed and may consume too much memory. (To control this warning, see the rcParam `figure.max_open_warning`). Consider using `matplotlib.pyplot.close()`.
  fig, axes = plt.subplots(num_rows, num_cols, figsize=(6 * num_cols, 6 * num_rows))
/zhome/b0/0/202247/DCE/explainers/visualization.py:75: RuntimeWarning: More than 20 figures have been opened. Figures created through the pyplot interface (`matplotlib.pyplot.figure`) are retained until explicitly closed and may consume too much memory. (To control this warning, see the rcParam `figure.max_open_warning`). Consider using `matplotlib.pyplot.close()`.
  fig, axes = plt.subplots(num_rows, num_cols, figsize=(6 * num_cols, 6 * num_rows))
/zhome/b0/0/202247/DCE/explainers/visualization.py:75: RuntimeWarning: More than 20 figures have been opened. Figures created through the pyplot interface (`matplotlib.pyplot.figure`) are retained until explicitly closed and may consume too much memory. (To control this warning, see the rcParam `figure.max_open_warning`). Consider using `matplotlib.pyplot.close()`.
  fig, axes = plt.subplots(num_rows, num_cols, figsize=(6 * num_cols, 6 * num_rows))
/zhome/b0/0/202247/DCE/explainers/visualization.py:75: RuntimeWarning: More than 20 figures have been opened. Figures created through the pyplot interface (`matplotlib.pyplot.figure`) are retained until explicitly closed and may consume too much memory. (To control this warning, see the rcParam `figure.max_open_warning`). Consider using `matplotlib.pyplot.close()`.
  fig, axes = plt.subplots(num_rows, num_cols, figsize=(6 * num_cols, 6 * num_rows))
/zhome/b0/0/202247/DCE/explainers/visualization.py:75: RuntimeWarning: More than 20 figures have been opened. Figures created through the pyplot interface (`matplotlib.pyplot.figure`) are retained until explicitly closed and may consume too much memory. (To control this warning, see the rcParam `figure.max_open_warning`). Consider using `matplotlib.pyplot.close()`.
  fig, axes = plt.subplots(num_rows, num_cols, figsize=(6 * num_cols, 6 * num_rows))
/zhome/b0/0/202247/DCE/explainers/visualization.py:75: RuntimeWarning: More than 20 figures have been opened. Figures created through the pyplot interface (`matplotlib.pyplot.figure`) are retained until explicitly closed and may consume too much memory. (To control this warning, see the rcParam `figure.max_open_warning`). Consider using `matplotlib.pyplot.close()`.
  fig, axes = plt.subplots(num_rows, num_cols, figsize=(6 * num_cols, 6 * num_rows))
/zhome/b0/0/202247/DCE/explainers/visualization.py:75: RuntimeWarning: More than 20 figures have been opened. Figures created through the pyplot interface (`matplotlib.pyplot.figure`) are retained until explicitly closed and may consume too much memory. (To control this warning, see the rcParam `figure.max_open_warning`). Consider using `matplotlib.pyplot.close()`.
  fig, axes = plt.subplots(num_rows, num_cols, figsize=(6 * num_cols, 6 * num_rows))
/zhome/b0/0/202247/DCE/explainers/visualization.py:75: RuntimeWarning: More than 20 figures have been opened. Figures created through the pyplot interface (`matplotlib.pyplot.figure`) are retained until explicitly closed and may consume too much memory. (To control this warning, see the rcParam `figure.max_open_warning`). Consider using `matplotlib.pyplot.close()`.
  fig, axes = plt.subplots(num_rows, num_cols, figsize=(6 * num_cols, 6 * num_rows))
/zhome/b0/0/202247/DCE/explainers/visualization.py:75: RuntimeWarning: More than 20 figures have been opened. Figures created through the pyplot interface (`matplotlib.pyplot.figure`) are retained until explicitly closed and may consume too much memory. (To control this warning, see the rcParam `figure.max_open_warning`). Consider using `matplotlib.pyplot.close()`.
  fig, axes = plt.subplots(num_rows, num_cols, figsize=(6 * num_cols, 6 * num_rows))
/zhome/b0/0/202247/DCE/explainers/visualization.py:75: RuntimeWarning: More than 20 figures have been opened. Figures created through the pyplot interface (`matplotlib.pyplot.figure`) are retained until explicitly closed and may consume too much memory. (To control this warning, see the rcParam `figure.max_open_warning`). Consider using `matplotlib.pyplot.close()`.
  fig, axes = plt.subplots(num_rows, num_cols, figsize=(6 * num_cols, 6 * num_rows))
/zhome/b0/0/202247/DCE/explainers/visualization.py:75: RuntimeWarning: More than 20 figures have been opened. Figures created through the pyplot interface (`matplotlib.pyplot.figure`) are retained until explicitly closed and may consume too much memory. (To control this warning, see the rcParam `figure.max_open_warning`). Consider using `matplotlib.pyplot.close()`.
  fig, axes = plt.subplots(num_rows, num_cols, figsize=(6 * num_cols, 6 * num_rows))
/zhome/b0/0/202247/DCE/explainers/visualization.py:75: RuntimeWarning: More than 20 figures have been opened. Figures created through the pyplot interface (`matplotlib.pyplot.figure`) are retained until explicitly closed and may consume too much memory. (To control this warning, see the rcParam `figure.max_open_warning`). Consider using `matplotlib.pyplot.close()`.
  fig, axes = plt.subplots(num_rows, num_cols, figsize=(6 * num_cols, 6 * num_rows))
/zhome/b0/0/202247/DCE/explainers/visualization.py:160: RuntimeWarning: More than 20 figures have been opened. Figures created through the pyplot interface (`matplotlib.pyplot.figure`) are retained until explicitly closed and may consume too much memory. (To control this warning, see the rcParam `figure.max_open_warning`). Consider using `matplotlib.pyplot.close()`.
  plt.figure(figsize=(combined.width / 100, combined.height / 100))
